queue: 28 cells | done: 0 | to run: 28
   - cislunar  raw  search-off
   - cislunar  raw  search-on
   - cislunar  benef  search-off
   - cislunar  benef  search-on
   - lunar_surface  raw  search-off
   - lunar_surface  raw  search-on
   - lunar_surface  benef  search-off
   - lunar_surface  benef  search-on
   - geo  raw  search-off
   - geo  raw  search-on
   - geo  benef  search-off
   - geo  benef  search-on
   - mars_orbit  raw  search-off
   - mars_orbit  raw  search-on
   - mars_orbit  benef  search-off
   - mars_orbit  benef  search-on
   - leo  raw  search-off
   - leo  raw  search-on
   - leo  benef  search-off
   - leo  benef  search-on
   - mars_surface  raw  search-off
   - mars_surface  raw  search-on
   - mars_surface  benef  search-off
   - mars_surface  benef  search-on
   - earth_surface  raw  search-off
   - earth_surface  raw  search-on
   - earth_surface  benef  search-off
   - earth_surface  benef  search-on

==============================================================================
[1/28] cislunar | raw | search-off | elapsed 0.00 h
==============================================================================
[2026-09-09 00:45:42] START cislunar__raw__search-off
  C:\Users\Owner\AppData\Local\Programs\Python\Python313\python.exe C:\Users\Owner\OneDrive\Documents\GitHub\economicspace\run_pipeline.py --stages 4 --destination cislunar --rows 0 --workers 12 --yes --raw --no-search
[01:01:29] DONE  rc=0 wall=947s (0.26 h)
  best 15.3937x | evaluable 650,921 | winner 2018 DT (M) | archive campaign\cells\cislunar__raw__search-off.csv.gz
  ledger += cislunar__raw__search-off

==============================================================================
[2/28] cislunar | raw | search-on | elapsed 0.30 h
==============================================================================
[2026-09-09 01:03:28] START cislunar__raw__search-on
  C:\Users\Owner\AppData\Local\Programs\Python\Python313\python.exe C:\Users\Owner\OneDrive\Documents\GitHub\economicspace\run_pipeline.py --stages 4 --destination cislunar --rows 0 --workers 12 --yes --raw --search
[01:51:36] DONE  rc=0 wall=2,888s (0.80 h)
  best 9.5435x | evaluable 650,921 | winner 2014 WE121 (M) | archive campaign\cells\cislunar__raw__search-on.csv.gz
  ledger += cislunar__raw__search-on

==============================================================================
[3/28] cislunar | benef | search-off | elapsed 1.12 h
==============================================================================
[2026-09-09 01:52:45] START cislunar__benef__search-off
  C:\Users\Owner\AppData\Local\Programs\Python\Python313\python.exe C:\Users\Owner\OneDrive\Documents\GitHub\economicspace\run_pipeline.py --stages 4 --destination cislunar --rows 0 --workers 12 --yes --beneficiated --no-search
[03:15:33] DONE  rc=0 wall=4,967s (1.38 h)
  best 14.1071x | evaluable 660,253 | winner 2014 WE121 (M) | archive campaign\cells\cislunar__benef__search-off.csv.gz
  ledger += cislunar__benef__search-off

==============================================================================
[4/28] cislunar | benef | search-on | elapsed 2.52 h
==============================================================================
[2026-09-09 03:16:46] START cislunar__benef__search-on
  C:\Users\Owner\AppData\Local\Programs\Python\Python313\python.exe C:\Users\Owner\OneDrive\Documents\GitHub\economicspace\run_pipeline.py --stages 4 --destination cislunar --rows 0 --workers 12 --yes --beneficiated --search
[05:30:18] DONE  rc=1073807364 wall=8,012s (2.23 h)
  !! cell FAILED (rc=1073807364); see C:\Users\Owner\OneDrive\Documents\GitHub\economicspace\campaign\logs\cislunar__benef__search-on.log
  ledger += cislunar__benef__search-on
 
===== detached queue start Fri 09/11/2026  0:55:33.07 ===== 
queue: 28 cells | done: 3 | to run: 25
   - cislunar  benef  search-on
   - lunar_surface  raw  search-off
   - lunar_surface  raw  search-on
   - lunar_surface  benef  search-off
   - lunar_surface  benef  search-on
   - geo  raw  search-off
   - geo  raw  search-on
   - geo  benef  search-off
   - geo  benef  search-on
   - mars_orbit  raw  search-off
   - mars_orbit  raw  search-on
   - mars_orbit  benef  search-off
   - mars_orbit  benef  search-on
   - leo  raw  search-off
   - leo  raw  search-on
   - leo  benef  search-off
   - leo  benef  search-on
   - mars_surface  raw  search-off
   - mars_surface  raw  search-on
   - mars_surface  benef  search-off
   - mars_surface  benef  search-on
   - earth_surface  raw  search-off
   - earth_surface  raw  search-on
   - earth_surface  benef  search-off
   - earth_surface  benef  search-on

==============================================================================
[1/25] cislunar | benef | search-on | elapsed 0.00 h
==============================================================================
[2026-09-11 00:55:33] START cislunar__benef__search-on
  C:\Users\Owner\AppData\Local\Programs\Python\Python313\python.exe C:\Users\Owner\OneDrive\Documents\GitHub\economicspace\run_pipeline.py --stages 4 --destination cislunar --rows 0 --workers 12 --yes --beneficiated --search
!! cell failed (rc=3221225786) -- continuing to next cell

==============================================================================
[2/25] lunar_surface | raw | search-off | elapsed 0.01 h
==============================================================================
^C
===== detached (no console) start: memwatch.py =====
      pid 11112

===== detached (no console) start: run_queue.py =====
      pid 7640
queue: 28 cells | done: 3 | to run: 25
   - cislunar  benef  search-on
   - lunar_surface  raw  search-off
   - lunar_surface  raw  search-on
   - lunar_surface  benef  search-off
   - lunar_surface  benef  search-on
   - geo  raw  search-off
   - geo  raw  search-on
   - geo  benef  search-off
   - geo  benef  search-on
   - mars_orbit  raw  search-off
   - mars_orbit  raw  search-on
   - mars_orbit  benef  search-off
   - mars_orbit  benef  search-on
   - leo  raw  search-off
   - leo  raw  search-on
   - leo  benef  search-off
   - leo  benef  search-on
   - mars_surface  raw  search-off
   - mars_surface  raw  search-on
   - mars_surface  benef  search-off
   - mars_surface  benef  search-on
   - earth_surface  raw  search-off
   - earth_surface  raw  search-on
   - earth_surface  benef  search-off
   - earth_surface  benef  search-on

==============================================================================
[1/25] cislunar | benef | search-on | elapsed 0.00 h
==============================================================================

==============================================================================
[2/25] lunar_surface | raw | search-off | elapsed 2.77 h
==============================================================================

==============================================================================
[3/25] lunar_surface | raw | search-on | elapsed 2.96 h
==============================================================================

==============================================================================
[4/25] lunar_surface | benef | search-off | elapsed 3.30 h
==============================================================================

==============================================================================
[5/25] lunar_surface | benef | search-on | elapsed 4.16 h
==============================================================================

==============================================================================
[6/25] geo | raw | search-off | elapsed 6.19 h
==============================================================================

==============================================================================
[7/25] geo | raw | search-on | elapsed 6.56 h
==============================================================================

==============================================================================
[8/25] geo | benef | search-off | elapsed 7.29 h
==============================================================================

==============================================================================
[9/25] geo | benef | search-on | elapsed 9.36 h
==============================================================================

==============================================================================
[10/25] mars_orbit | raw | search-off | elapsed 14.92 h
==============================================================================

==============================================================================
[11/25] mars_orbit | raw | search-on | elapsed 15.52 h
==============================================================================
      supervisor: memwatch.py already running as pid 7896; not starting a second one
      supervisor: memwatch.py already running as pid 30512; not starting a second one

===== detached (no console) start: memwatch.py =====
      pid 30252
      supervisor: memwatch.py already running as pid 30252; not starting a second one

===== detached (no console) start: run_queue.py =====
      pid 34100
queue: 28 cells | done: 13 | to run: 15
   - mars_orbit  raw  search-on
   - mars_orbit  benef  search-off
   - mars_orbit  benef  search-on
   - leo  raw  search-off
   - leo  raw  search-on
   - leo  benef  search-off
   - leo  benef  search-on
   - mars_surface  raw  search-off
   - mars_surface  raw  search-on
   - mars_surface  benef  search-off
   - mars_surface  benef  search-on
   - earth_surface  raw  search-off
   - earth_surface  raw  search-on
   - earth_surface  benef  search-off
   - earth_surface  benef  search-on

==============================================================================
[1/15] mars_orbit | raw | search-on | elapsed 0.00 h
==============================================================================

==============================================================================
[2/15] mars_orbit | benef | search-off | elapsed 1.25 h
==============================================================================

==============================================================================
[3/15] mars_orbit | benef | search-on | elapsed 4.92 h
==============================================================================

==============================================================================
[4/15] leo | raw | search-off | elapsed 13.06 h
==============================================================================

==============================================================================
[5/15] leo | raw | search-on | elapsed 13.47 h
==============================================================================

==============================================================================
[6/15] leo | benef | search-off | elapsed 14.21 h
==============================================================================

==============================================================================
[7/15] leo | benef | search-on | elapsed 16.62 h
==============================================================================

==============================================================================
[8/15] mars_surface | raw | search-off | elapsed 24.37 h
==============================================================================
