Importing the pipeline ...

==============================================================================
  ASTEROID PROFITABILITY PIPELINE
==============================================================================
  Preset       : quick -- 400-row stride sample, run-of-mine ore, single mission (minutes once the catalog is cached)
  Stages       : 4 profitability (the long one)
  Destination  : cislunar                                 [default: earth_surface]
  Asteroids    : 20,000 per source                        [default: all (1.55 M)]
  Stage 4 rows : 400 (stride sample)                      [default: every row]
  Ore          : run-of-mine                              [default: beneficiated (~4.7x slower)]
  Programme    : single mission (N = 1)                   [default: fleet x campaigns searched (~1.7x slower)]
  Market       : constant prices, kg/yr ceiling per commodity [default]
  Output       : C:\Users\Owner\OneDrive\Documents\GitHub\economicspace\asteroid_pipeline
------------------------------------------------------------------------------
  [default] marks a pipeline default; the rest are this run's
  overrides, with the default they replaced shown alongside.
==============================================================================

------------------------------------------------------------------------
  STAGE 4 -- profitability (the long one)
  started 00:43:26
------------------------------------------------------------------------
===========================================================================
    PROFITABILITY PIPELINE - MODULE 4
      2026-09-09 00:43:26  |  v1.21.2
===========================================================================

  Loading upstream catalogs ...
       Module 1 asteroid catalog    1,555,667 rows  <-  C:\Users\Owner\OneDrive\Documents\GitHub\economicspace\asteroid_pipeline\asteroid_catalog.csv
       Module 2 mineral catalog          31 rows  <-  C:\Users\Owner\OneDrive\Documents\GitHub\economicspace\asteroid_pipeline\mineral_value_catalog.csv
       Module 3 launch vehicles          36 rows  <-  C:\Users\Owner\OneDrive\Documents\GitHub\economicspace\asteroid_pipeline\transportation\launch_vehicles.csv
       Module 3 propellants              41 rows  <-  C:\Users\Owner\OneDrive\Documents\GitHub\economicspace\asteroid_pipeline\transportation\propellants.csv
       Module 3 Δv segments              33 rows  <-  C:\Users\Owner\OneDrive\Documents\GitHub\economicspace\asteroid_pipeline\transportation\delta_v_segments.csv
       Module 3 operational costs        44 rows  <-  C:\Users\Owner\OneDrive\Documents\GitHub\economicspace\asteroid_pipeline\transportation\operational_costs.csv

  Integrity check - Module 1 <-> Module 2 mineral coverage ...
     OK  All 14 referenced minerals are priced by Module 2
     NOTE   Module 2 prices 17 extra rows not named by Module 1 (expected: elements + ice + bulk categories)

     WARN  1 upstream CSV(s) were written by a different build of the module that owns them:
          * asteroids.csv stamped 1.1.0 - Stage 1 in this process is 1.2.0
        -> The columns and rows are all present, so nothing else will complain, but a reference VALUE may be a release out of date.
        -> This may be DELIBERATE. Several releases changed no CSV byte and chose not to re-run their stage; read the release note in versions.md before acting on this.
        -> If you do re-run Stage 1, 2 or 3, it REFETCHES and overwrites the only copy of its CSV, and every verify.py baseline stops reproducing. Copy asteroid_pipeline/*.csv first.
     OK  Delivery destination 'cislunar' - berthed at a cislunar (NRHO) depot

  Evaluating 1,555,618 asteroids with positive mass (skipped 49 without)
        Capped at 400 of 1,555,618 rows (every ~3889.0th row, evenly spaced; eval_row_cap / eval_row_sampling in CALC_CONFIG)
       357 vehicle x propellant combinations per asteroid
        Pre-filter keeps 23.6% of candidates (59,501 of 77,877 pruned on a 200-row probe; prune_infeasible_combos)
       12 worker processes (12 logical CPUs, parallel_workers=12)
     ... 8 / 400 evaluated  (2%)
     ... 16 / 400 evaluated  (4%)
     ... 24 / 400 evaluated  (6%)
     ... 32 / 400 evaluated  (8%)
     ... 40 / 400 evaluated  (10%)
     ... 48 / 400 evaluated  (12%)
     ... 56 / 400 evaluated  (14%)
     ... 64 / 400 evaluated  (16%)
     ... 72 / 400 evaluated  (18%)
     ... 80 / 400 evaluated  (20%)
     ... 88 / 400 evaluated  (22%)
     ... 96 / 400 evaluated  (24%)
     ... 104 / 400 evaluated  (26%)
     ... 112 / 400 evaluated  (28%)
     ... 120 / 400 evaluated  (30%)
     ... 128 / 400 evaluated  (32%)
     ... 136 / 400 evaluated  (34%)
     ... 144 / 400 evaluated  (36%)
     ... 152 / 400 evaluated  (38%)
     ... 160 / 400 evaluated  (40%)
     ... 168 / 400 evaluated  (42%)
     ... 176 / 400 evaluated  (44%)
     ... 184 / 400 evaluated  (46%)
     ... 192 / 400 evaluated  (48%)
     ... 200 / 400 evaluated  (50%)
     ... 208 / 400 evaluated  (52%)
     ... 216 / 400 evaluated  (54%)
     ... 224 / 400 evaluated  (56%)
     ... 232 / 400 evaluated  (58%)
     ... 240 / 400 evaluated  (60%)
     ... 248 / 400 evaluated  (62%)
     ... 256 / 400 evaluated  (64%)
     ... 264 / 400 evaluated  (66%)
     ... 272 / 400 evaluated  (68%)
     ... 280 / 400 evaluated  (70%)
     ... 288 / 400 evaluated  (72%)
     ... 296 / 400 evaluated  (74%)
     ... 304 / 400 evaluated  (76%)
     ... 312 / 400 evaluated  (78%)
     ... 320 / 400 evaluated  (80%)
     ... 328 / 400 evaluated  (82%)
     ... 336 / 400 evaluated  (84%)
     ... 344 / 400 evaluated  (86%)
     ... 352 / 400 evaluated  (88%)
     ... 360 / 400 evaluated  (90%)
     ... 368 / 400 evaluated  (92%)
     ... 376 / 400 evaluated  (94%)
     ... 384 / 400 evaluated  (96%)
     ... 392 / 400 evaluated  (98%)
     ... 400 / 400 evaluated  (100%)

       Profitability catalog -> C:\Users\Owner\OneDrive\Documents\GitHub\economicspace\asteroid_pipeline\profitability_catalog.csv  (155 rows)
       Architecture chosen: 0 aerocapture / 155 propulsive  |  9 make their own propellant

===========================================================================
  OK  PROFITABILITY ANALYSIS COMPLETE
      Evaluated  : 400 asteroids
      Viable     : 0  (0.0% turn a profit)
      Unviable   : 400
      Elapsed    : 41.9s
===========================================================================

  Stage 4 done in 0:00:42

========================================================================
  COMPLETE in 0:00:42
  Zero viable missions is the model's correct answer for
  every setting currently in it, not a failure.
  Output written to: C:\Users\Owner\OneDrive\Documents\GitHub\economicspace\asteroid_pipeline
========================================================================
